===========================================================================
                         QUADRATE DOOM (test)
===========================================================================
 quadrate Doom is free software covered by the GNU GPL.
 There is NO warranty. See the source for details.
===========================================================================
console: 0
zone memory: 6291456 bytes
1
1
1
0
1
1
0
done
